// Jest Snapshot v1, https://goo.gl/fbAQLP

exports[`<Cart/> spec renders the component 1`] = `undefined`;
