// Jest Snapshot v1, https://goo.gl/fbAQLP

exports[`<OrderHistoryItem/> spec renders the component 1`] = `undefined`;

exports[`<OrderHistoryItem/> spec renders the component 2`] = `undefined`;
