// Jest Snapshot v1, https://goo.gl/fbAQLP

exports[`<App/> spec renders the component 1`] = `undefined`;

exports[`<Whoops404/> spec renders the component 1`] = `undefined`;
