// Jest Snapshot v1, https://goo.gl/fbAQLP

exports[`<Login/> spec renders the component 1`] = `undefined`;
