// Jest Snapshot v1, https://goo.gl/fbAQLP

exports[`<Menu/> spec renders the component 1`] = `undefined`;
