// Jest Snapshot v1, https://goo.gl/fbAQLP

exports[`<Product/> spec renders the component 1`] = `undefined`;
