// Jest Snapshot v1, https://goo.gl/fbAQLP

exports[`<ProductList/> spec renders the component 1`] = `undefined`;
